[itaconsultora.com.ar/index.html]
[backblue.gif]
[fade.gif]
[index.html]
[itaconsultora.com.ar/wp-content/uploads/2025/01/Agrandir-Regular.otf]
[itaconsultora.com.ar/feed/index.html]
[itaconsultora.com.ar/wp-content/plugins/contact-form-7/includes/css/stylesfc7a.css]
[itaconsultora.com.ar/wp-content/themes/hello-elementor/style.min9b70.css]
[itaconsultora.com.ar/wp-content/themes/hello-elementor/theme.min9b70.css]
[itaconsultora.com.ar/wp-content/themes/hello-elementor/header-footer.min9b70.css]
[itaconsultora.com.ar/wp-content/plugins/elementor/assets/css/frontend.min89ce.css]
[itaconsultora.com.ar/comments/feed/index.html]
[itaconsultora.com.ar/wp-content/uploads/elementor/css/post-6f29b.css]
[itaconsultora.com.ar/wp-content/plugins/elementor/assets/css/widget-image.min89ce.css]
[itaconsultora.com.ar/wp-content/plugins/elementor/assets/css/widget-heading.min89ce.css]
[itaconsultora.com.ar/wp-content/plugins/elementor/assets/lib/animations/styles/fadeInLeft.min89ce.css]
[itaconsultora.com.ar/wp-content/plugins/elementor/assets/css/widget-divider.min89ce.css]
[itaconsultora.com.ar/wp-content/plugins/elementor/assets/css/widget-nested-accordion.min89ce.css]
[itaconsultora.com.ar/wp-content/uploads/elementor/css/post-9f29b.css]
[itaconsultora.com.ar/wp-content/uploads/elementor/google-fonts/css/robotoc7e4.css]
[itaconsultora.com.ar/wp-content/uploads/elementor/google-fonts/css/robotoslabcb27.css]
[itaconsultora.com.ar/wp-content/uploads/elementor/google-fonts/css/barlowcondensed1415.css]
[itaconsultora.com.ar/wp-json/wp/v2/pages/9.json]
[itaconsultora.com.ar/wp-json/index.html]
[itaconsultora.com.ar/xmlrpc0db0.php]
[itaconsultora.com.ar/wp-json/oembed/1.0/embedd226.json]
[itaconsultora.com.ar/wp-json/oembed/1.0/embed7736]
[itaconsultora.com.ar/wp-content/uploads/2025/01/Favicom.png]
[itaconsultora.com.ar/wp-content/uploads/2025/01/Logo-ITA-2-e1738083496818.png]
[itaconsultora.com.ar/wp-content/uploads/2025/01/recurso-ita-1.png]
[itaconsultora.com.ar/wp-content/uploads/2025/01/Group-1.png]
[itaconsultora.com.ar/wp-content/uploads/2025/01/Group.png]
[itaconsultora.com.ar/wp-content/uploads/2025/01/Vector.png]
[itaconsultora.com.ar/wp-content/uploads/2025/01/Group-9.png]
[itaconsultora.com.ar/wp-content/uploads/2025/01/Group-10.png]
[itaconsultora.com.ar/wp-content/uploads/2025/01/Group-1-1-1.png]
[itaconsultora.com.ar/wp-content/uploads/2025/01/Group-1-1.png]
[itaconsultora.com.ar/wp-content/uploads/2025/01/Group-1-2.png]
[itaconsultora.com.ar/wp-content/uploads/2025/01/Group-2.png]
[itaconsultora.com.ar/wp-content/uploads/2025/01/Group-1-3.png]
[itaconsultora.com.ar/wp-content/uploads/2025/01/Vector-1.png]
[itaconsultora.com.ar/wp-content/uploads/2025/01/Vector-2.png]
[itaconsultora.com.ar/wp-content/uploads/2025/01/Group-1-4.png]
[itaconsultora.com.ar/wp-content/uploads/2025/01/Vector-3.png]
[itaconsultora.com.ar/wp-content/uploads/2025/01/Vector-4.png]
[itaconsultora.com.ar/wp-content/uploads/2025/01/Vector-5.png]
[itaconsultora.com.ar/wp-content/uploads/2025/01/material-symbols_work-alert.png]
[itaconsultora.com.ar/wp-content/uploads/2025/01/Vector-6.png]
[itaconsultora.com.ar/wp-content/uploads/2025/01/material-symbols_home.png]
[itaconsultora.com.ar/wp-content/uploads/2025/01/material-symbols_home-1.png]
[itaconsultora.com.ar/wp-content/uploads/2025/01/material-symbols_home-2.png]
[itaconsultora.com.ar/wp-content/uploads/2025/01/Group-56.png]
[itaconsultora.com.ar/wp-includes/js/dist/hooks.min4fdd.js]
[itaconsultora.com.ar/wp-includes/js/dist/i18n.minc33c.js]
[itaconsultora.com.ar/wp-content/plugins/contact-form-7/includes/swv/js/indexfc7a.js]
[itaconsultora.com.ar/wp-content/plugins/contact-form-7/includes/js/indexfc7a.js]
[itaconsultora.com.ar/wp-content/themes/hello-elementor/assets/js/hello-frontend.min9b70.js]
[itaconsultora.com.ar/wp-content/plugins/elementor/assets/js/webpack.runtime.min89ce.js]
[itaconsultora.com.ar/wp-includes/js/jquery/jquery.minf43b.js]
[itaconsultora.com.ar/wp-includes/js/jquery/jquery-migrate.min5589.js]
[itaconsultora.com.ar/wp-content/plugins/elementor/assets/js/frontend-modules.min89ce.js]
[itaconsultora.com.ar/wp-includes/js/jquery/ui/core.minb37e.js]
[itaconsultora.com.ar/index.html]
[itaconsultora.com.ar/wp-content/plugins/elementor/assets/js/frontend.min89ce.js]
[itaconsultora.com.ar/wp-content/plugins/contact-form-7/includes/css/stylesfc7a.css]
[itaconsultora.com.ar/wp-content/themes/hello-elementor/style.min9b70.css]
[itaconsultora.com.ar/wp-content/themes/hello-elementor/theme.min9b70.css]
[itaconsultora.com.ar/wp-content/themes/hello-elementor/header-footer.min9b70.css]
[itaconsultora.com.ar/wp-content/plugins/elementor/assets/css/frontend.min89ce.css]
[itaconsultora.com.ar/wp-content/uploads/elementor/css/post-6f29b.css]
[itaconsultora.com.ar/wp-content/plugins/elementor/assets/css/widget-image.min89ce.css]
[itaconsultora.com.ar/wp-content/plugins/elementor/assets/css/widget-heading.min89ce.css]
[itaconsultora.com.ar/wp-content/plugins/elementor/assets/lib/animations/styles/fadeInLeft.min89ce.css]
[itaconsultora.com.ar/wp-content/plugins/elementor/assets/css/widget-divider.min89ce.css]
[itaconsultora.com.ar/wp-content/plugins/elementor/assets/css/widget-nested-accordion.min89ce.css]
[itaconsultora.com.ar/wp-content/uploads/elementor/css/post-9f29b.css]
[itaconsultora.com.ar/wp-content/uploads/elementor/google-fonts/css/robotoc7e4.css]
[itaconsultora.com.ar/wp-content/uploads/elementor/google-fonts/css/robotoslabcb27.css]
[itaconsultora.com.ar/wp-content/uploads/elementor/google-fonts/css/barlowcondensed1415.css]
[www.googletagmanager.com/gtm5445.html]
[itaconsultora.com.ar/wp-content/uploads/elementor/google-fonts/fonts/roboto-kfo5cnqeu92fr1mu53zec9_vu3r1gihoszmkc3kawzu.html]
[itaconsultora.com.ar/wp-content/uploads/elementor/google-fonts/fonts/roboto-kfo5cnqeu92fr1mu53zec9_vu3r1gihoszmkankawzu.html]
[itaconsultora.com.ar/wp-content/uploads/elementor/google-fonts/fonts/roboto-kfo5cnqeu92fr1mu53zec9_vu3r1gihoszmkcnkawzu.html]
[itaconsultora.com.ar/wp-content/uploads/elementor/google-fonts/fonts/roboto-kfo5cnqeu92fr1mu53zec9_vu3r1gihoszmkbxkawzu.html]
[itaconsultora.com.ar/wp-content/uploads/elementor/google-fonts/fonts/roboto-kfo5cnqeu92fr1mu53zec9_vu3r1gihoszmkenkawzu.html]
[itaconsultora.com.ar/wp-content/uploads/elementor/google-fonts/fonts/roboto-kfo5cnqeu92fr1mu53zec9_vu3r1gihoszmkahkawzu.html]
[itaconsultora.com.ar/wp-content/uploads/elementor/google-fonts/fonts/roboto-kfo5cnqeu92fr1mu53zec9_vu3r1gihoszmkcxkawzu.html]
[itaconsultora.com.ar/wp-content/uploads/elementor/google-fonts/fonts/roboto-kfo5cnqeu92fr1mu53zec9_vu3r1gihoszmkchkawzu.html]
[itaconsultora.com.ar/wp-content/uploads/elementor/google-fonts/fonts/roboto-kfo5cnqeu92fr1mu53zec9_vu3r1gihoszmkbnka.html]
[itaconsultora.com.ar/wp-content/uploads/elementor/google-fonts/fonts/roboto-kfo7cnqeu92fr1me7ksn66agldtyluama3gubgee.html]
[itaconsultora.com.ar/wp-content/uploads/elementor/google-fonts/fonts/roboto-kfo7cnqeu92fr1me7ksn66agldtyluama3iubgee.html]
[itaconsultora.com.ar/wp-content/uploads/elementor/google-fonts/fonts/roboto-kfo7cnqeu92fr1me7ksn66agldtyluama3cubgee.html]
[itaconsultora.com.ar/wp-content/uploads/elementor/google-fonts/fonts/roboto-kfo7cnqeu92fr1me7ksn66agldtyluama3-ubgee.html]
[itaconsultora.com.ar/wp-content/uploads/elementor/google-fonts/fonts/roboto-kfo7cnqeu92fr1me7ksn66agldtyluamawcubgee.html]
[itaconsultora.com.ar/wp-content/uploads/elementor/google-fonts/fonts/roboto-kfo7cnqeu92fr1me7ksn66agldtyluamaxkubgee.html]
[itaconsultora.com.ar/wp-content/uploads/elementor/google-fonts/fonts/roboto-kfo7cnqeu92fr1me7ksn66agldtyluama3oubgee.html]
[itaconsultora.com.ar/wp-content/uploads/elementor/google-fonts/fonts/roboto-kfo7cnqeu92fr1me7ksn66agldtyluama3kubgee.html]
[itaconsultora.com.ar/wp-content/uploads/elementor/google-fonts/fonts/roboto-kfo7cnqeu92fr1me7ksn66agldtyluama3yuba.html]
[itaconsultora.com.ar/wp-content/uploads/elementor/google-fonts/fonts/robotoslab-bngmuxzytxpivibgjjsb6ufa5qw54a.html]
[itaconsultora.com.ar/wp-content/uploads/elementor/google-fonts/fonts/robotoslab-bngmuxzytxpivibgjjsb6ufj5qw54a.html]
[itaconsultora.com.ar/wp-content/uploads/elementor/google-fonts/fonts/robotoslab-bngmuxzytxpivibgjjsb6ufb5qw54a.html]
[itaconsultora.com.ar/wp-content/uploads/elementor/google-fonts/fonts/robotoslab-bngmuxzytxpivibgjjsb6ufo5qw54a.html]
[itaconsultora.com.ar/wp-content/uploads/elementor/google-fonts/fonts/robotoslab-bngmuxzytxpivibgjjsb6ufc5qw54a.html]
[itaconsultora.com.ar/wp-content/uploads/elementor/google-fonts/fonts/robotoslab-bngmuxzytxpivibgjjsb6ufd5qw54a.html]
[itaconsultora.com.ar/wp-content/uploads/elementor/google-fonts/fonts/robotoslab-bngmuxzytxpivibgjjsb6ufn5qu.html]
[itaconsultora.com.ar/wp-content/uploads/elementor/google-fonts/fonts/barlowcondensed-htxzl3i-jcgchyj8vi-l6oo_au7b6xtru2h-nkw7aw.html]
[itaconsultora.com.ar/wp-content/uploads/elementor/google-fonts/fonts/barlowcondensed-htxzl3i-jcgchyj8vi-l6oo_au7b6xtru2h_nkw7aw.html]
[itaconsultora.com.ar/wp-content/uploads/elementor/google-fonts/fonts/barlowcondensed-htxzl3i-jcgchyj8vi-l6oo_au7b6xtru2hxnkw.html]
[itaconsultora.com.ar/wp-content/uploads/elementor/google-fonts/fonts/barlowcondensed-htxyl3i-jcgchyj8vi-l6oo_au7b6xtrf3dmtikgurs.html]
[itaconsultora.com.ar/wp-content/uploads/elementor/google-fonts/fonts/barlowcondensed-htxyl3i-jcgchyj8vi-l6oo_au7b6xtrf3dmtykgurs.html]
[itaconsultora.com.ar/wp-content/uploads/elementor/google-fonts/fonts/barlowcondensed-htxyl3i-jcgchyj8vi-l6oo_au7b6xtrf3dmu4kg.html]
[itaconsultora.com.ar/wp-content/uploads/elementor/google-fonts/fonts/barlowcondensed-htxyl3i-jcgchyj8vi-l6oo_au7b6xtrc3pmtikgurs.html]
[itaconsultora.com.ar/wp-content/uploads/elementor/google-fonts/fonts/barlowcondensed-htxyl3i-jcgchyj8vi-l6oo_au7b6xtrc3pmtykgurs.html]
[itaconsultora.com.ar/wp-content/uploads/elementor/google-fonts/fonts/barlowcondensed-htxyl3i-jcgchyj8vi-l6oo_au7b6xtrc3pmu4kg.html]
[itaconsultora.com.ar/wp-content/uploads/elementor/google-fonts/fonts/barlowcondensed-htxxl3i-jcgchyj8vi-l6oo_au7b6xtj11hzhkg.html]
[itaconsultora.com.ar/wp-content/uploads/elementor/google-fonts/fonts/barlowcondensed-htxxl3i-jcgchyj8vi-l6oo_au7b6xtj1lhzhkg.html]
[itaconsultora.com.ar/wp-content/uploads/elementor/google-fonts/fonts/barlowcondensed-htxxl3i-jcgchyj8vi-l6oo_au7b6xtj2fhz.html]
[itaconsultora.com.ar/wp-content/uploads/elementor/google-fonts/fonts/barlowcondensed-htxyl3i-jcgchyj8vi-l6oo_au7b6xtrk3lmtikgurs.html]
[itaconsultora.com.ar/wp-content/uploads/elementor/google-fonts/fonts/barlowcondensed-htxyl3i-jcgchyj8vi-l6oo_au7b6xtrk3lmtykgurs.html]
[itaconsultora.com.ar/wp-content/uploads/elementor/google-fonts/fonts/barlowcondensed-htxyl3i-jcgchyj8vi-l6oo_au7b6xtrk3lmu4kg.html]
[itaconsultora.com.ar/wp-content/uploads/elementor/google-fonts/fonts/barlowcondensed-htxyl3i-jcgchyj8vi-l6oo_au7b6xtrb3xmtikgurs.html]
[itaconsultora.com.ar/wp-content/uploads/elementor/google-fonts/fonts/barlowcondensed-htxyl3i-jcgchyj8vi-l6oo_au7b6xtrb3xmtykgurs.html]
[itaconsultora.com.ar/wp-content/uploads/elementor/google-fonts/fonts/barlowcondensed-htxyl3i-jcgchyj8vi-l6oo_au7b6xtrb3xmu4kg.html]
[itaconsultora.com.ar/wp-content/uploads/elementor/google-fonts/fonts/barlowcondensed-htxyl3i-jcgchyj8vi-l6oo_au7b6xtry3tmtikgurs.html]
[itaconsultora.com.ar/wp-content/uploads/elementor/google-fonts/fonts/barlowcondensed-htxyl3i-jcgchyj8vi-l6oo_au7b6xtry3tmtykgurs.html]
[itaconsultora.com.ar/wp-content/uploads/elementor/google-fonts/fonts/barlowcondensed-htxyl3i-jcgchyj8vi-l6oo_au7b6xtry3tmu4kg.html]
[itaconsultora.com.ar/wp-content/uploads/elementor/google-fonts/fonts/barlowcondensed-htxyl3i-jcgchyj8vi-l6oo_au7b6xtrf3fmtikgurs.html]
[itaconsultora.com.ar/wp-content/uploads/elementor/google-fonts/fonts/barlowcondensed-htxyl3i-jcgchyj8vi-l6oo_au7b6xtrf3fmtykgurs.html]
[itaconsultora.com.ar/wp-content/uploads/elementor/google-fonts/fonts/barlowcondensed-htxyl3i-jcgchyj8vi-l6oo_au7b6xtrf3fmu4kg.html]
[itaconsultora.com.ar/wp-content/uploads/elementor/google-fonts/fonts/barlowcondensed-htxyl3i-jcgchyj8vi-l6oo_au7b6xtrw3bmtikgurs.html]
[itaconsultora.com.ar/wp-content/uploads/elementor/google-fonts/fonts/barlowcondensed-htxyl3i-jcgchyj8vi-l6oo_au7b6xtrw3bmtykgurs.html]
[itaconsultora.com.ar/wp-content/uploads/elementor/google-fonts/fonts/barlowcondensed-htxyl3i-jcgchyj8vi-l6oo_au7b6xtrw3bmu4kg.html]
[itaconsultora.com.ar/wp-content/uploads/elementor/google-fonts/fonts/barlowcondensed-htxxl3i-jcgchyj8vi-l6oo_au7b43lj11hzhkg.html]
[itaconsultora.com.ar/wp-content/uploads/elementor/google-fonts/fonts/barlowcondensed-htxxl3i-jcgchyj8vi-l6oo_au7b43lj1lhzhkg.html]
[itaconsultora.com.ar/wp-content/uploads/elementor/google-fonts/fonts/barlowcondensed-htxxl3i-jcgchyj8vi-l6oo_au7b43lj2fhz.html]
[itaconsultora.com.ar/wp-content/uploads/elementor/google-fonts/fonts/barlowcondensed-htxwl3i-jcgchyj8vi-l6oo_au7b497yz3nwuzec.html]
[itaconsultora.com.ar/wp-content/uploads/elementor/google-fonts/fonts/barlowcondensed-htxwl3i-jcgchyj8vi-l6oo_au7b497yz3jwuzec.html]
[itaconsultora.com.ar/wp-content/uploads/elementor/google-fonts/fonts/barlowcondensed-htxwl3i-jcgchyj8vi-l6oo_au7b497yz3bwuq.html]
[itaconsultora.com.ar/wp-content/uploads/elementor/google-fonts/fonts/barlowcondensed-htxwl3i-jcgchyj8vi-l6oo_au7b47rxz3nwuzec.html]
[itaconsultora.com.ar/wp-content/uploads/elementor/google-fonts/fonts/barlowcondensed-htxwl3i-jcgchyj8vi-l6oo_au7b47rxz3jwuzec.html]
[itaconsultora.com.ar/wp-content/uploads/elementor/google-fonts/fonts/barlowcondensed-htxwl3i-jcgchyj8vi-l6oo_au7b47rxz3bwuq.html]
[itaconsultora.com.ar/wp-content/uploads/elementor/google-fonts/fonts/barlowcondensed-htx3l3i-jcgchyj8vi-l6oo_au7b6x7t2kn3.html]
[itaconsultora.com.ar/wp-content/uploads/elementor/google-fonts/fonts/barlowcondensed-htx3l3i-jcgchyj8vi-l6oo_au7b6x_t2kn3.html]
[itaconsultora.com.ar/wp-content/uploads/elementor/google-fonts/fonts/barlowcondensed-htx3l3i-jcgchyj8vi-l6oo_au7b6xht2g.html]
[itaconsultora.com.ar/wp-content/uploads/elementor/google-fonts/fonts/barlowcondensed-htxwl3i-jcgchyj8vi-l6oo_au7b4-lwz3nwuzec.html]
[itaconsultora.com.ar/wp-content/uploads/elementor/google-fonts/fonts/barlowcondensed-htxwl3i-jcgchyj8vi-l6oo_au7b4-lwz3jwuzec.html]
[itaconsultora.com.ar/wp-content/uploads/elementor/google-fonts/fonts/barlowcondensed-htxwl3i-jcgchyj8vi-l6oo_au7b4-lwz3bwuq.html]
[itaconsultora.com.ar/wp-content/uploads/elementor/google-fonts/fonts/barlowcondensed-htxwl3i-jcgchyj8vi-l6oo_au7b4873z3nwuzec.html]
[itaconsultora.com.ar/wp-content/uploads/elementor/google-fonts/fonts/barlowcondensed-htxwl3i-jcgchyj8vi-l6oo_au7b4873z3jwuzec.html]
[itaconsultora.com.ar/wp-content/uploads/elementor/google-fonts/fonts/barlowcondensed-htxwl3i-jcgchyj8vi-l6oo_au7b4873z3bwuq.html]
[itaconsultora.com.ar/wp-content/uploads/elementor/google-fonts/fonts/barlowcondensed-htxwl3i-jcgchyj8vi-l6oo_au7b46r2z3nwuzec.html]
[itaconsultora.com.ar/wp-content/uploads/elementor/google-fonts/fonts/barlowcondensed-htxwl3i-jcgchyj8vi-l6oo_au7b46r2z3jwuzec.html]
[itaconsultora.com.ar/wp-content/uploads/elementor/google-fonts/fonts/barlowcondensed-htxwl3i-jcgchyj8vi-l6oo_au7b46r2z3bwuq.html]
[itaconsultora.com.ar/wp-content/uploads/elementor/google-fonts/fonts/barlowcondensed-htxwl3i-jcgchyj8vi-l6oo_au7b47b1z3nwuzec.html]
[itaconsultora.com.ar/wp-content/uploads/elementor/google-fonts/fonts/barlowcondensed-htxwl3i-jcgchyj8vi-l6oo_au7b47b1z3jwuzec.html]
[itaconsultora.com.ar/wp-content/uploads/elementor/google-fonts/fonts/barlowcondensed-htxwl3i-jcgchyj8vi-l6oo_au7b47b1z3bwuq.html]
[itaconsultora.com.ar/wp-content/uploads/elementor/google-fonts/fonts/barlowcondensed-htxwl3i-jcgchyj8vi-l6oo_au7b45l0z3nwuzec.html]
[itaconsultora.com.ar/wp-content/uploads/elementor/google-fonts/fonts/barlowcondensed-htxwl3i-jcgchyj8vi-l6oo_au7b45l0z3jwuzec.html]
[itaconsultora.com.ar/wp-content/uploads/elementor/google-fonts/fonts/barlowcondensed-htxwl3i-jcgchyj8vi-l6oo_au7b45l0z3bwuq.html]
